[INFO] Scanning for projects...
[INFO] 
[INFO] -----------------------< com.tiendario:backend >------------------------
[INFO] Building tiendario-backend 0.0.1-SNAPSHOT
[INFO]   from pom.xml
[INFO] --------------------------------[ jar ]---------------------------------
[INFO] 
[INFO] --- jacoco:0.8.11:prepare-agent (default) @ backend ---
[INFO] argLine set to -javaagent:C:\\Users\\Manuel\\.m2\\repository\\org\\jacoco\\org.jacoco.agent\\0.8.11\\org.jacoco.agent-0.8.11-runtime.jar=destfile=D:\\emprendimiento\\antigravity\\tiendario\\backend\\target\\jacoco.exec
[INFO] 
[INFO] --- resources:3.2.0:resources (default-resources) @ backend ---
[INFO] Using 'UTF-8' encoding to copy filtered resources.
[INFO] Using 'UTF-8' encoding to copy filtered properties files.
[INFO] Copying 1 resource
[INFO] Copying 0 resource
[INFO] 
[INFO] --- compiler:3.10.1:compile (default-compile) @ backend ---
[INFO] Nothing to compile - all classes are up to date
[INFO] 
[INFO] --- resources:3.2.0:testResources (default-testResources) @ backend ---
[INFO] Using 'UTF-8' encoding to copy filtered resources.
[INFO] Using 'UTF-8' encoding to copy filtered properties files.
[INFO] skip non existing resourceDirectory D:\emprendimiento\antigravity\tiendario\backend\src\test\resources
[INFO] 
[INFO] --- compiler:3.10.1:testCompile (default-testCompile) @ backend ---
[INFO] Changes detected - recompiling the module!
[INFO] Compiling 11 source files to D:\emprendimiento\antigravity\tiendario\backend\target\test-classes
[INFO] Some messages have been simplified; recompile with -Xdiags:verbose to get full output
[INFO] -------------------------------------------------------------
[ERROR] COMPILATION ERROR : 
[INFO] -------------------------------------------------------------
[ERROR] /D:/emprendimiento/antigravity/tiendario/backend/src/test/java/com/tiendario/ProductControllerTest.java:[80,33] incompatible types: com.tiendario.domain.Category cannot be converted to java.lang.String
[ERROR] /D:/emprendimiento/antigravity/tiendario/backend/src/test/java/com/tiendario/ProductControllerTest.java:[213,35] incompatible types: com.tiendario.domain.Category cannot be converted to java.lang.String
[ERROR] /D:/emprendimiento/antigravity/tiendario/backend/src/test/java/com/tiendario/ProductControllerTest.java:[223,54] cannot find symbol
  symbol:   method getName()
  location: class java.lang.String
[INFO] 3 errors 
[INFO] -------------------------------------------------------------
[INFO] ------------------------------------------------------------------------
[INFO] BUILD FAILURE
[INFO] ------------------------------------------------------------------------
[INFO] Total time:  5.444 s
[INFO] Finished at: 2026-02-02T11:46:24-04:00
[INFO] ------------------------------------------------------------------------
[ERROR] Failed to execute goal org.apache.maven.plugins:maven-compiler-plugin:3.10.1:testCompile (default-testCompile) on project backend: Compilation failure: Compilation failure: 
[ERROR] /D:/emprendimiento/antigravity/tiendario/backend/src/test/java/com/tiendario/ProductControllerTest.java:[80,33] incompatible types: com.tiendario.domain.Category cannot be converted to java.lang.String
[ERROR] /D:/emprendimiento/antigravity/tiendario/backend/src/test/java/com/tiendario/ProductControllerTest.java:[213,35] incompatible types: com.tiendario.domain.Category cannot be converted to java.lang.String
[ERROR] /D:/emprendimiento/antigravity/tiendario/backend/src/test/java/com/tiendario/ProductControllerTest.java:[223,54] cannot find symbol
[ERROR]   symbol:   method getName()
[ERROR]   location: class java.lang.String
[ERROR] -> [Help 1]
[ERROR] 
[ERROR] To see the full stack trace of the errors, re-run Maven with the -e switch.
[ERROR] Re-run Maven using the -X switch to enable full debug logging.
[ERROR] 
[ERROR] For more information about the errors and possible solutions, please read the following articles:
[ERROR] [Help 1] http://cwiki.apache.org/confluence/display/MAVEN/MojoFailureException
