[INFO] Scanning for projects...
[INFO] 
[INFO] -----------------------< com.tiendario:backend >------------------------
[INFO] Building tiendario-backend 0.0.1-SNAPSHOT
[INFO]   from pom.xml
[INFO] --------------------------------[ jar ]---------------------------------
[INFO] 
[INFO] --- resources:3.2.0:resources (default-resources) @ backend ---
[INFO] Using 'UTF-8' encoding to copy filtered resources.
[INFO] Using 'UTF-8' encoding to copy filtered properties files.
[INFO] Copying 1 resource
[INFO] Copying 0 resource
[INFO] 
[INFO] --- compiler:3.10.1:compile (default-compile) @ backend ---
[INFO] Nothing to compile - all classes are up to date
[INFO] 
[INFO] --- resources:3.2.0:testResources (default-testResources) @ backend ---
[INFO] Using 'UTF-8' encoding to copy filtered resources.
[INFO] Using 'UTF-8' encoding to copy filtered properties files.
[INFO] skip non existing resourceDirectory D:\emprendimiento\antigravity\tiendario\backend\src\test\resources
[INFO] 
[INFO] --- compiler:3.10.1:testCompile (default-testCompile) @ backend ---
[INFO] Nothing to compile - all classes are up to date
[INFO] 
[INFO] --- surefire:2.22.2:test (default-test) @ backend ---
[INFO] 
[INFO] -------------------------------------------------------
[INFO]  T E S T S
[INFO] -------------------------------------------------------
[INFO] Running com.tiendario.SystemIntegrationTest
12:10:54.218 [main] DEBUG org.springframework.test.context.BootstrapUtils - Instantiating CacheAwareContextLoaderDelegate from class [org.springframework.test.context.cache.DefaultCacheAwareContextLoaderDelegate]
12:10:54.242 [main] DEBUG org.springframework.test.context.BootstrapUtils - Instantiating BootstrapContext using constructor [public org.springframework.test.context.support.DefaultBootstrapContext(java.lang.Class,org.springframework.test.context.CacheAwareContextLoaderDelegate)]
12:10:54.310 [main] DEBUG org.springframework.test.context.BootstrapUtils - Instantiating TestContextBootstrapper for test class [com.tiendario.SystemIntegrationTest] from class [org.springframework.boot.test.context.SpringBootTestContextBootstrapper]
12:10:54.332 [main] INFO org.springframework.boot.test.context.SpringBootTestContextBootstrapper - Neither @ContextConfiguration nor @ContextHierarchy found for test class [com.tiendario.SystemIntegrationTest], using SpringBootContextLoader
12:10:54.337 [main] DEBUG org.springframework.test.context.support.AbstractContextLoader - Did not detect default resource location for test class [com.tiendario.SystemIntegrationTest]: class path resource [com/tiendario/SystemIntegrationTest-context.xml] does not exist
12:10:54.337 [main] DEBUG org.springframework.test.context.support.AbstractContextLoader - Did not detect default resource location for test class [com.tiendario.SystemIntegrationTest]: class path resource [com/tiendario/SystemIntegrationTestContext.groovy] does not exist
12:10:54.339 [main] INFO org.springframework.test.context.support.AbstractContextLoader - Could not detect default resource locations for test class [com.tiendario.SystemIntegrationTest]: no resource found for suffixes {-context.xml, Context.groovy}.
12:10:54.340 [main] INFO org.springframework.test.context.support.AnnotationConfigContextLoaderUtils - Could not detect default configuration classes for test class [com.tiendario.SystemIntegrationTest]: SystemIntegrationTest does not declare any static, non-private, non-final, nested classes annotated with @Configuration.
12:10:54.460 [main] DEBUG org.springframework.test.context.support.ActiveProfilesUtils - Could not find an 'annotation declaring class' for annotation type [org.springframework.test.context.ActiveProfiles] and class [com.tiendario.SystemIntegrationTest]
12:10:54.557 [main] DEBUG org.springframework.context.annotation.ClassPathScanningCandidateComponentProvider - Identified candidate component class: file [D:\emprendimiento\antigravity\tiendario\backend\target\classes\com\tiendario\TiendarioApplication.class]
12:10:54.558 [main] INFO org.springframework.boot.test.context.SpringBootTestContextBootstrapper - Found @SpringBootConfiguration com.tiendario.TiendarioApplication for test class com.tiendario.SystemIntegrationTest
12:10:54.709 [main] DEBUG org.springframework.boot.test.context.SpringBootTestContextBootstrapper - @TestExecutionListeners is not present for class [com.tiendario.SystemIntegrationTest]: using defaults.
12:10:54.709 [main] INFO org.springframework.boot.test.context.SpringBootTestContextBootstrapper - Loaded default TestExecutionListener class names from location [META-INF/spring.factories]: [org.springframework.boot.test.mock.mockito.MockitoTestExecutionListener, org.springframework.boot.test.mock.mockito.ResetMocksTestExecutionListener, org.springframework.boot.test.autoconfigure.restdocs.RestDocsTestExecutionListener, org.springframework.boot.test.autoconfigure.web.client.MockRestServiceServerResetTestExecutionListener, org.springframework.boot.test.autoconfigure.web.servlet.MockMvcPrintOnlyOnFailureTestExecutionListener, org.springframework.boot.test.autoconfigure.web.servlet.WebDriverTestExecutionListener, org.springframework.boot.test.autoconfigure.webservices.client.MockWebServiceServerTestExecutionListener, org.springframework.test.context.web.ServletTestExecutionListener, org.springframework.test.context.support.DirtiesContextBeforeModesTestExecutionListener, org.springframework.test.context.event.ApplicationEventsTestExecutionListener, org.springframework.test.context.support.DependencyInjectionTestExecutionListener, org.springframework.test.context.support.DirtiesContextTestExecutionListener, org.springframework.test.context.transaction.TransactionalTestExecutionListener, org.springframework.test.context.jdbc.SqlScriptsTestExecutionListener, org.springframework.test.context.event.EventPublishingTestExecutionListener, org.springframework.security.test.context.support.WithSecurityContextTestExecutionListener, org.springframework.security.test.context.support.ReactorContextTestExecutionListener]
12:10:54.794 [main] INFO org.springframework.boot.test.context.SpringBootTestContextBootstrapper - Using TestExecutionListeners: [org.springframework.test.context.web.ServletTestExecutionListener@3276732, org.springframework.test.context.support.DirtiesContextBeforeModesTestExecutionListener@3f28bd56, org.springframework.test.context.event.ApplicationEventsTestExecutionListener@31e3250d, org.springframework.boot.test.mock.mockito.MockitoTestExecutionListener@19fe4644, org.springframework.boot.test.autoconfigure.SpringBootDependencyInjectionTestExecutionListener@21d8bcbe, org.springframework.test.context.support.DirtiesContextTestExecutionListener@5be067de, org.springframework.test.context.transaction.TransactionalTestExecutionListener@7383eae2, org.springframework.test.context.jdbc.SqlScriptsTestExecutionListener@18245eb0, org.springframework.test.context.event.EventPublishingTestExecutionListener@7c7d3c46, org.springframework.security.test.context.support.WithSecurityContextTestExecutionListener@24fb6a80, org.springframework.security.test.context.support.ReactorContextTestExecutionListener@48c35007, org.springframework.boot.test.mock.mockito.ResetMocksTestExecutionListener@72a85671, org.springframework.boot.test.autoconfigure.restdocs.RestDocsTestExecutionListener@6722db6e, org.springframework.boot.test.autoconfigure.web.client.MockRestServiceServerResetTestExecutionListener@18f20260, org.springframework.boot.test.autoconfigure.web.servlet.MockMvcPrintOnlyOnFailureTestExecutionListener@4ae33a11, org.springframework.boot.test.autoconfigure.web.servlet.WebDriverTestExecutionListener@7a48e6e2, org.springframework.boot.test.autoconfigure.webservices.client.MockWebServiceServerTestExecutionListener@b40bb6e]
12:10:54.876 [main] DEBUG org.springframework.test.context.support.AbstractDirtiesContextTestExecutionListener - Before test class: context [DefaultTestContext@63648ee9 testClass = SystemIntegrationTest, testInstance = [null], testMethod = [null], testException = [null], mergedContextConfiguration = [WebMergedContextConfiguration@68d6972f testClass = SystemIntegrationTest, locations = '{}', classes = '{class com.tiendario.TiendarioApplication}', contextInitializerClasses = '[]', activeProfiles = '{}', propertySourceLocations = '{}', propertySourceProperties = '{org.springframework.boot.test.context.SpringBootTestContextBootstrapper=true}', contextCustomizers = set[[ImportsContextCustomizer@45be7cd5 key = [org.springframework.boot.test.autoconfigure.web.servlet.MockMvcWebDriverAutoConfiguration, org.springframework.boot.test.autoconfigure.web.servlet.MockMvcAutoConfiguration, org.springframework.boot.autoconfigure.security.oauth2.client.servlet.OAuth2ClientAutoConfiguration, org.springframework.boot.autoconfigure.security.servlet.SecurityAutoConfiguration, org.springframework.boot.autoconfigure.security.servlet.SecurityFilterAutoConfiguration, org.springframework.boot.autoconfigure.security.servlet.UserDetailsServiceAutoConfiguration, org.springframework.boot.autoconfigure.security.oauth2.resource.servlet.OAuth2ResourceServerAutoConfiguration, org.springframework.boot.test.autoconfigure.web.servlet.MockMvcSecurityConfiguration, org.springframework.boot.test.autoconfigure.web.servlet.MockMvcWebClientAutoConfiguration, org.springframework.boot.test.autoconfigure.web.reactive.WebTestClientAutoConfiguration]], org.springframework.boot.test.context.filter.ExcludeFilterContextCustomizer@1fb669c3, org.springframework.boot.test.json.DuplicateJsonObjectContextCustomizerFactory$DuplicateJsonObjectContextCustomizer@68df9280, org.springframework.boot.test.mock.mockito.MockitoContextCustomizer@b60e20d8, org.springframework.boot.test.web.client.TestRestTemplateContextCustomizer@4716be8b, org.springframework.boot.test.autoconfigure.actuate.metrics.MetricsExportContextCustomizerFactory$DisableMetricExportContextCustomizer@416c58f5, org.springframework.boot.test.autoconfigure.properties.PropertyMappingContextCustomizer@4b3fa0b3, org.springframework.boot.test.autoconfigure.web.servlet.WebDriverContextCustomizerFactory$Customizer@6ccdb29f, org.springframework.boot.test.context.SpringBootTestArgs@1, org.springframework.boot.test.context.SpringBootTestWebEnvironment@dd8ba08], resourceBasePath = 'src/main/webapp', contextLoader = 'org.springframework.boot.test.context.SpringBootContextLoader', parent = [null]], attributes = map['org.springframework.test.context.web.ServletTestExecutionListener.activateListener' -> true]], class annotated with @DirtiesContext [false] with mode [null].

  .   ____          _            __ _ _
 /\\ / ___'_ __ _ _(_)_ __  __ _ \ \ \ \
( ( )\___ | '_ | '_| | '_ \/ _` | \ \ \ \
 \\/  ___)| |_)| | | | | || (_| |  ) ) ) )
  '  |____| .__|_| |_|_| |_\__, | / / / /
 =========|_|==============|___/=/_/_/_/
 :: Spring Boot ::               (v2.7.18)

2026-01-19 12:10:55.610  INFO 11632 --- [           main] com.tiendario.SystemIntegrationTest      : Starting SystemIntegrationTest using Java 11.0.18 on DESKTOP-OMN366P with PID 11632 (started by Manuel in D:\emprendimiento\antigravity\tiendario\backend)
2026-01-19 12:10:55.612  INFO 11632 --- [           main] com.tiendario.SystemIntegrationTest      : No active profile set, falling back to 1 default profile: "default"
2026-01-19 12:10:56.657  INFO 11632 --- [           main] .s.d.r.c.RepositoryConfigurationDelegate : Multiple Spring Data modules found, entering strict repository configuration mode
2026-01-19 12:10:56.657  INFO 11632 --- [           main] .s.d.r.c.RepositoryConfigurationDelegate : Bootstrapping Spring Data JPA repositories in DEFAULT mode.
2026-01-19 12:10:56.772  INFO 11632 --- [           main] .s.d.r.c.RepositoryConfigurationDelegate : Finished Spring Data repository scanning in 104 ms. Found 8 JPA repository interfaces.
2026-01-19 12:10:56.773  INFO 11632 --- [           main] .s.d.r.c.RepositoryConfigurationDelegate : Multiple Spring Data modules found, entering strict repository configuration mode
2026-01-19 12:10:56.774  INFO 11632 --- [           main] .s.d.r.c.RepositoryConfigurationDelegate : Bootstrapping Spring Data Elasticsearch repositories in DEFAULT mode.
2026-01-19 12:10:56.822  INFO 11632 --- [           main] .s.d.r.c.RepositoryConfigurationDelegate : Finished Spring Data repository scanning in 47 ms. Found 1 Elasticsearch repository interfaces.
2026-01-19 12:10:57.268  INFO 11632 --- [           main] .s.d.r.c.RepositoryConfigurationDelegate : Multiple Spring Data modules found, entering strict repository configuration mode
2026-01-19 12:10:57.270  INFO 11632 --- [           main] .s.d.r.c.RepositoryConfigurationDelegate : Bootstrapping Spring Data Reactive Elasticsearch repositories in DEFAULT mode.
2026-01-19 12:10:57.293  INFO 11632 --- [           main] .RepositoryConfigurationExtensionSupport : Spring Data Reactive Elasticsearch - Could not safely identify store assignment for repository candidate interface com.tiendario.repository.CategoryRepository; If you want this repository to be a Reactive Elasticsearch repository, consider annotating your entities with one of these annotations: org.springframework.data.elasticsearch.annotations.Document (preferred), or consider extending one of the following types with your repository: org.springframework.data.elasticsearch.repository.ReactiveElasticsearchRepository
2026-01-19 12:10:57.301  INFO 11632 --- [           main] .RepositoryConfigurationExtensionSupport : Spring Data Reactive Elasticsearch - Could not safely identify store assignment for repository candidate interface com.tiendario.repository.CompanyRepository; If you want this repository to be a Reactive Elasticsearch repository, consider annotating your entities with one of these annotations: org.springframework.data.elasticsearch.annotations.Document (preferred), or consider extending one of the following types with your repository: org.springframework.data.elasticsearch.repository.ReactiveElasticsearchRepository
2026-01-19 12:10:57.308  INFO 11632 --- [           main] .RepositoryConfigurationExtensionSupport : Spring Data Reactive Elasticsearch - Could not safely identify store assignment for repository candidate interface com.tiendario.repository.CustomerRepository; If you want this repository to be a Reactive Elasticsearch repository, consider annotating your entities with one of these annotations: org.springframework.data.elasticsearch.annotations.Document (preferred), or consider extending one of the following types with your repository: org.springframework.data.elasticsearch.repository.ReactiveElasticsearchRepository
2026-01-19 12:10:57.317  INFO 11632 --- [           main] .RepositoryConfigurationExtensionSupport : Spring Data Reactive Elasticsearch - Could not safely identify store assignment for repository candidate interface com.tiendario.repository.PurchaseRepository; If you want this repository to be a Reactive Elasticsearch repository, consider annotating your entities with one of these annotations: org.springframework.data.elasticsearch.annotations.Document (preferred), or consider extending one of the following types with your repository: org.springframework.data.elasticsearch.repository.ReactiveElasticsearchRepository
2026-01-19 12:10:57.318  INFO 11632 --- [           main] .RepositoryConfigurationExtensionSupport : Spring Data Reactive Elasticsearch - Could not safely identify store assignment for repository candidate interface com.tiendario.repository.SaleRepository; If you want this repository to be a Reactive Elasticsearch repository, consider annotating your entities with one of these annotations: org.springframework.data.elasticsearch.annotations.Document (preferred), or consider extending one of the following types with your repository: org.springframework.data.elasticsearch.repository.ReactiveElasticsearchRepository
2026-01-19 12:10:57.319  INFO 11632 --- [           main] .RepositoryConfigurationExtensionSupport : Spring Data Reactive Elasticsearch - Could not safely identify store assignment for repository candidate interface com.tiendario.repository.SupplierRepository; If you want this repository to be a Reactive Elasticsearch repository, consider annotating your entities with one of these annotations: org.springframework.data.elasticsearch.annotations.Document (preferred), or consider extending one of the following types with your repository: org.springframework.data.elasticsearch.repository.ReactiveElasticsearchRepository
2026-01-19 12:10:57.321  INFO 11632 --- [           main] .RepositoryConfigurationExtensionSupport : Spring Data Reactive Elasticsearch - Could not safely identify store assignment for repository candidate interface com.tiendario.repository.UserRepository; If you want this repository to be a Reactive Elasticsearch repository, consider annotating your entities with one of these annotations: org.springframework.data.elasticsearch.annotations.Document (preferred), or consider extending one of the following types with your repository: org.springframework.data.elasticsearch.repository.ReactiveElasticsearchRepository
2026-01-19 12:10:57.322  INFO 11632 --- [           main] .s.d.r.c.RepositoryConfigurationDelegate : Finished Spring Data repository scanning in 50 ms. Found 0 Reactive Elasticsearch repository interfaces.
2026-01-19 12:11:00.569  INFO 11632 --- [           main] o.hibernate.jpa.internal.util.LogHelper  : HHH000204: Processing PersistenceUnitInfo [name: default]
2026-01-19 12:11:00.722  INFO 11632 --- [           main] org.hibernate.Version                    : HHH000412: Hibernate ORM core version 5.6.15.Final
2026-01-19 12:11:00.837  INFO 11632 --- [           main] o.hibernate.annotations.common.Version   : HCANN000001: Hibernate Commons Annotations {5.1.2.Final}
2026-01-19 12:11:01.778  INFO 11632 --- [           main] com.zaxxer.hikari.HikariDataSource       : HikariPool-1 - Starting...
2026-01-19 12:11:02.216  INFO 11632 --- [           main] com.zaxxer.hikari.HikariDataSource       : HikariPool-1 - Start completed.
2026-01-19 12:11:02.263  INFO 11632 --- [           main] org.hibernate.dialect.Dialect            : HHH000400: Using dialect: org.hibernate.dialect.PostgreSQLDialect
2026-01-19 12:11:04.137  INFO 11632 --- [           main] o.h.e.t.j.p.i.JtaPlatformInitiator       : HHH000490: Using JtaPlatform implementation: [org.hibernate.engine.transaction.jta.platform.internal.NoJtaPlatform]
2026-01-19 12:11:04.157  INFO 11632 --- [           main] j.LocalContainerEntityManagerFactoryBean : Initialized JPA EntityManagerFactory for persistence unit 'default'
2026-01-19 12:11:06.507  INFO 11632 --- [           main] o.s.s.web.DefaultSecurityFilterChain     : Will secure any request with [org.springframework.security.web.session.DisableEncodeUrlFilter@46ef7340, org.springframework.security.web.context.request.async.WebAsyncManagerIntegrationFilter@75caecf7, org.springframework.security.web.context.SecurityContextPersistenceFilter@11d0bff5, org.springframework.security.web.header.HeaderWriterFilter@70a91d72, org.springframework.web.filter.CorsFilter@62b0792, org.springframework.security.web.authentication.logout.LogoutFilter@4411a0fe, com.tiendario.security.AuthTokenFilter@2e564c78, org.springframework.security.web.savedrequest.RequestCacheAwareFilter@2c955487, org.springframework.security.web.servletapi.SecurityContextHolderAwareRequestFilter@38ae69f7, org.springframework.security.web.authentication.AnonymousAuthenticationFilter@2fd409c1, org.springframework.security.web.session.SessionManagementFilter@45f70f68, org.springframework.security.web.access.ExceptionTranslationFilter@34c2e03d, org.springframework.security.web.access.intercept.FilterSecurityInterceptor@14af57c3]
2026-01-19 12:11:08.116  WARN 11632 --- [/O dispatcher 1] org.elasticsearch.client.RestClient      : request [GET http://localhost:9200/] returned 1 warnings: [299 Elasticsearch-7.17.10-fecd68e3150eda0c307ab9a9d7557f5d5fd71349 "Elasticsearch built-in security features are not enabled. Without authentication, your cluster could be accessible to anyone. See https://www.elastic.co/guide/en/elasticsearch/reference/7.17/security-minimal-setup.html to enable security."]
2026-01-19 12:11:08.182  WARN 11632 --- [           main] org.elasticsearch.client.RestClient      : request [HEAD http://localhost:9200/products] returned 1 warnings: [299 Elasticsearch-7.17.10-fecd68e3150eda0c307ab9a9d7557f5d5fd71349 "Elasticsearch built-in security features are not enabled. Without authentication, your cluster could be accessible to anyone. See https://www.elastic.co/guide/en/elasticsearch/reference/7.17/security-minimal-setup.html to enable security."]
2026-01-19 12:11:08.655  WARN 11632 --- [           main] JpaBaseConfiguration$JpaWebConfiguration : spring.jpa.open-in-view is enabled by default. Therefore, database queries may be performed during view rendering. Explicitly configure spring.jpa.open-in-view to disable this warning
2026-01-19 12:11:10.206  INFO 11632 --- [           main] o.s.b.t.m.w.SpringBootMockServletContext : Initializing Spring TestDispatcherServlet ''
2026-01-19 12:11:10.207  INFO 11632 --- [           main] o.s.t.web.servlet.TestDispatcherServlet  : Initializing Servlet ''
2026-01-19 12:11:10.207  INFO 11632 --- [           main] o.s.t.web.servlet.TestDispatcherServlet  : Completed initialization in 0 ms
2026-01-19 12:11:10.258  INFO 11632 --- [           main] com.tiendario.SystemIntegrationTest      : Started SystemIntegrationTest in 15.315 seconds (JVM running for 16.84)

MockHttpServletRequest:
      HTTP Method = GET
      Request URI = /api/public/products
       Parameters = {}
          Headers = []
             Body = null
    Session Attrs = {}

Handler:
             Type = com.tiendario.web.PublicController
           Method = com.tiendario.web.PublicController#getAllProducts()

Async:
    Async started = false
     Async result = null

Resolved Exception:
             Type = null

ModelAndView:
        View name = null
             View = null
            Model = null

FlashMap:
       Attributes = null

MockHttpServletResponse:
           Status = 200
    Error message = null
          Headers = [Vary:"Origin", "Access-Control-Request-Method", "Access-Control-Request-Headers", Content-Type:"application/json", X-Content-Type-Options:"nosniff", X-XSS-Protection:"1; mode=block", Cache-Control:"no-cache, no-store, max-age=0, must-revalidate", Pragma:"no-cache", Expires:"0", X-Frame-Options:"DENY"]
     Content type = application/json
             Body = [{"id":10,"name":"Cintur¾n de Cuero","description":null,"price":30.00,"stock":60,"imageUrl":null,"companyId":1,"companyName":"Tienda Demo 0","subscriptionStatus":"PAID"},{"id":17,"name":"Calcetines Nike (x3)","description":null,"price":15.00,"stock":200,"imageUrl":null,"companyId":3,"companyName":"Tienda Demo 48","subscriptionStatus":"PAID"},{"id":18,"name":"Sudadera Gap","description":null,"price":70.00,"stock":35,"imageUrl":null,"companyId":3,"companyName":"Tienda Demo 48","subscriptionStatus":"PAID"},{"id":19,"name":"Lentes de Sol RayBan","description":null,"price":150.00,"stock":10,"imageUrl":null,"companyId":3,"companyName":"Tienda Demo 48","subscriptionStatus":"PAID"},{"id":20,"name":"Cintur¾n de Cuero","description":null,"price":30.00,"stock":60,"imageUrl":null,"companyId":3,"companyName":"Tienda Demo 48","subscriptionStatus":"PAID"},{"id":21,"name":"Zapatillas Nike Air","description":null,"price":120.00,"stock":50,"imageUrl":null,"companyId":7,"companyName":"Final Company V2","subscriptionStatus":"FREE"},{"id":11,"name":"Zapatillas Nike Air","description":null,"price":120.00,"stock":49,"imageUrl":null,"companyId":3,"companyName":"Tienda Demo 48","subscriptionStatus":"PAID"},{"id":22,"name":"Arroz Blanco 1kg","description":null,"price":2.50,"stock":150,"imageUrl":null,"companyId":8,"companyName":"Tienda Demo 96","subscriptionStatus":"FREE"},{"id":23,"name":"Leche Entera 1L","description":null,"price":1.80,"stock":80,"imageUrl":null,"companyId":8,"companyName":"Tienda Demo 96","subscriptionStatus":"FREE"},{"id":24,"name":"Pan Integral 500g","description":null,"price":2.00,"stock":60,"imageUrl":null,"companyId":8,"companyName":"Tienda Demo 96","subscriptionStatus":"FREE"},{"id":25,"name":"Aceite Vegetal 1L","description":null,"price":4.50,"stock":40,"imageUrl":null,"companyId":8,"companyName":"Tienda Demo 96","subscriptionStatus":"FREE"},{"id":26,"name":"Az·car Blanca 1kg","description":null,"price":1.50,"stock":100,"imageUrl":null,"companyId":8,"companyName":"Tienda Demo 96","subscriptionStatus":"FREE"},{"id":27,"name":"Pasta Espagueti 500g","description":null,"price":1.20,"stock":120,"imageUrl":null,"companyId":8,"companyName":"Tienda Demo 96","subscriptionStatus":"FREE"},{"id":28,"name":"At·n en Lata 170g","description":null,"price":2.80,"stock":90,"imageUrl":null,"companyId":8,"companyName":"Tienda Demo 96","subscriptionStatus":"FREE"},{"id":29,"name":"Frijoles Negros 500g","description":null,"price":1.80,"stock":70,"imageUrl":null,"companyId":8,"companyName":"Tienda Demo 96","subscriptionStatus":"FREE"},{"id":30,"name":"Huevos Docena","description":null,"price":3.50,"stock":50,"imageUrl":null,"companyId":8,"companyName":"Tienda Demo 96","subscriptionStatus":"FREE"},{"id":31,"name":"CafÚ Molido 250g","description":null,"price":5.00,"stock":45,"imageUrl":null,"companyId":8,"companyName":"Tienda Demo 96","subscriptionStatus":"FREE"},{"id":32,"name":"Sal de Mesa 1kg","description":null,"price":0.80,"stock":200,"imageUrl":null,"companyId":8,"companyName":"Tienda Demo 96","subscriptionStatus":"FREE"},{"id":33,"name":"Jab¾n de Tocador","description":null,"price":1.50,"stock":100,"imageUrl":null,"companyId":8,"companyName":"Tienda Demo 96","subscriptionStatus":"FREE"},{"id":34,"name":"Papel HigiÚnico 4 rollos","description":null,"price":3.20,"stock":80,"imageUrl":null,"companyId":8,"companyName":"Tienda Demo 96","subscriptionStatus":"FREE"},{"id":35,"name":"Detergente LÝquido 1L","description":null,"price":4.80,"stock":55,"imageUrl":null,"companyId":8,"companyName":"Tienda Demo 96","subscriptionStatus":"FREE"},{"id":36,"name":"Galletas Saladas 200g","description":null,"price":1.80,"stock":110,"imageUrl":null,"companyId":8,"companyName":"Tienda Demo 96","subscriptionStatus":"FREE"},{"id":37,"name":"pollo","description":null,"price":13000.00,"stock":12,"imageUrl":null,"companyId":3,"companyName":"Tienda Demo 48","subscriptionStatus":"PAID"},{"id":12,"name":"Camiseta Adidas","description":null,"price":45.00,"stock":99,"imageUrl":null,"companyId":3,"companyName":"Tienda Demo 48","subscriptionStatus":"PAID"},{"id":13,"name":"Gorra Puma","description":null,"price":25.00,"stock":29,"imageUrl":null,"companyId":3,"companyName":"Tienda Demo 48","subscriptionStatus":"PAID"},{"id":14,"name":"Pantal¾n Levi's","description":null,"price":80.00,"stock":39,"imageUrl":null,"companyId":3,"companyName":"Tienda Demo 48","subscriptionStatus":"PAID"},{"id":15,"name":"Reloj Casio Vintage","description":null,"price":55.00,"stock":14,"imageUrl":null,"companyId":3,"companyName":"Tienda Demo 48","subscriptionStatus":"PAID"},{"id":16,"name":"Mochila JanSport","description":null,"price":60.00,"stock":24,"imageUrl":null,"companyId":3,"companyName":"Tienda Demo 48","subscriptionStatus":"PAID"},{"id":1,"name":"Zapatillas Nike Air","description":null,"price":120.00,"stock":49,"imageUrl":null,"companyId":1,"companyName":"Tienda Demo 0","subscriptionStatus":"PAID"},{"id":2,"name":"Camiseta Adidas","description":null,"price":45.00,"stock":99,"imageUrl":null,"companyId":1,"companyName":"Tienda Demo 0","subscriptionStatus":"PAID"},{"id":38,"name":"Arroz Blanco 1kg","description":null,"price":2.50,"stock":150,"imageUrl":null,"companyId":10,"companyName":"Tienda Demo 60","subscriptionStatus":"FREE"},{"id":39,"name":"Leche Entera 1L","description":null,"price":1.80,"stock":80,"imageUrl":null,"companyId":10,"companyName":"Tienda Demo 60","subscriptionStatus":"FREE"},{"id":40,"name":"Pan Integral 500g","description":null,"price":2.00,"stock":60,"imageUrl":null,"companyId":10,"companyName":"Tienda Demo 60","subscriptionStatus":"FREE"},{"id":41,"name":"Aceite Vegetal 1L","description":null,"price":4.50,"stock":40,"imageUrl":null,"companyId":10,"companyName":"Tienda Demo 60","subscriptionStatus":"FREE"},{"id":42,"name":"Az·car Blanca 1kg","description":null,"price":1.50,"stock":100,"imageUrl":null,"companyId":10,"companyName":"Tienda Demo 60","subscriptionStatus":"FREE"},{"id":43,"name":"Pasta Espagueti 500g","description":null,"price":1.20,"stock":120,"imageUrl":null,"companyId":10,"companyName":"Tienda Demo 60","subscriptionStatus":"FREE"},{"id":44,"name":"At·n en Lata 170g","description":null,"price":2.80,"stock":90,"imageUrl":null,"companyId":10,"companyName":"Tienda Demo 60","subscriptionStatus":"FREE"},{"id":45,"name":"Frijoles Negros 500g","description":null,"price":1.80,"stock":70,"imageUrl":null,"companyId":10,"companyName":"Tienda Demo 60","subscriptionStatus":"FREE"},{"id":46,"name":"Huevos Docena","description":null,"price":3.50,"stock":50,"imageUrl":null,"companyId":10,"companyName":"Tienda Demo 60","subscriptionStatus":"FREE"},{"id":47,"name":"CafÚ Molido 250g","description":null,"price":5.00,"stock":45,"imageUrl":null,"companyId":10,"companyName":"Tienda Demo 60","subscriptionStatus":"FREE"},{"id":48,"name":"Sal de Mesa 1kg","description":null,"price":0.80,"stock":200,"imageUrl":null,"companyId":10,"companyName":"Tienda Demo 60","subscriptionStatus":"FREE"},{"id":49,"name":"Jab¾n de Tocador","description":null,"price":1.50,"stock":100,"imageUrl":null,"companyId":10,"companyName":"Tienda Demo 60","subscriptionStatus":"FREE"},{"id":50,"name":"Papel HigiÚnico 4 rollos","description":null,"price":3.20,"stock":80,"imageUrl":null,"companyId":10,"companyName":"Tienda Demo 60","subscriptionStatus":"FREE"},{"id":51,"name":"Detergente LÝquido 1L","description":null,"price":4.80,"stock":55,"imageUrl":null,"companyId":10,"companyName":"Tienda Demo 60","subscriptionStatus":"FREE"},{"id":52,"name":"Galletas Saladas 200g","description":null,"price":1.80,"stock":110,"imageUrl":null,"companyId":10,"companyName":"Tienda Demo 60","subscriptionStatus":"FREE"},{"id":3,"name":"Gorra Puma","description":null,"price":25.00,"stock":27,"imageUrl":null,"companyId":1,"companyName":"Tienda Demo 0","subscriptionStatus":"PAID"},{"id":4,"name":"Pantal¾n Levi's","description":null,"price":80.00,"stock":39,"imageUrl":null,"companyId":1,"companyName":"Tienda Demo 0","subscriptionStatus":"PAID"},{"id":5,"name":"Reloj Casio Vintage","description":null,"price":55.00,"stock":13,"imageUrl":null,"companyId":1,"companyName":"Tienda Demo 0","subscriptionStatus":"PAID"},{"id":6,"name":"Mochila JanSport","description":null,"price":60.00,"stock":23,"imageUrl":null,"companyId":1,"companyName":"Tienda Demo 0","subscriptionStatus":"PAID"},{"id":7,"name":"Calcetines Nike (x3)","description":null,"price":15.00,"stock":198,"imageUrl":null,"companyId":1,"companyName":"Tienda Demo 0","subscriptionStatus":"PAID"},{"id":8,"name":"Sudadera Gap","description":null,"price":70.00,"stock":34,"imageUrl":null,"companyId":1,"companyName":"Tienda Demo 0","subscriptionStatus":"PAID"},{"id":9,"name":"Lentes de Sol RayBan","description":null,"price":150.00,"stock":9,"imageUrl":null,"companyId":1,"companyName":"Tienda Demo 0","subscriptionStatus":"PAID"}]
    Forwarded URL = null
   Redirected URL = null
          Cookies = []

MockHttpServletRequest:
      HTTP Method = GET
      Request URI = /api/public/search
       Parameters = {q=[Product]}
          Headers = []
             Body = null
    Session Attrs = {}

Handler:
             Type = com.tiendario.web.PublicController
           Method = com.tiendario.web.PublicController#searchProducts(String)

Async:
    Async started = false
     Async result = null

Resolved Exception:
             Type = null

ModelAndView:
        View name = null
             View = null
            Model = null

FlashMap:
       Attributes = null

MockHttpServletResponse:
           Status = 200
    Error message = null
          Headers = [Vary:"Origin", "Access-Control-Request-Method", "Access-Control-Request-Headers", Content-Type:"application/json", X-Content-Type-Options:"nosniff", X-XSS-Protection:"1; mode=block", Cache-Control:"no-cache, no-store, max-age=0, must-revalidate", Pragma:"no-cache", Expires:"0", X-Frame-Options:"DENY"]
     Content type = application/json
             Body = []
    Forwarded URL = null
   Redirected URL = null
          Cookies = []
[ERROR] Tests run: 4, Failures: 2, Errors: 0, Skipped: 0, Time elapsed: 17.295 s <<< FAILURE! - in com.tiendario.SystemIntegrationTest
[ERROR] testMarketplaceRules_FreePlan  Time elapsed: 0.496 s  <<< FAILURE!
java.lang.AssertionError: 
JSON path "$[0].subscriptionStatus"
Expected: is "FREE"
     but: was "PAID"
	at com.tiendario.SystemIntegrationTest.testMarketplaceRules_FreePlan(SystemIntegrationTest.java:100)

[ERROR] testPublicSearchFallback  Time elapsed: 0.099 s  <<< FAILURE!
java.lang.AssertionError: 
JSON path "$"
Expected: a collection with size a value equal to or greater than <1>
     but: collection size <0> was less than <1>
	at com.tiendario.SystemIntegrationTest.testPublicSearchFallback(SystemIntegrationTest.java:159)

2026-01-19 12:11:11.507  INFO 11632 --- [ionShutdownHook] j.LocalContainerEntityManagerFactoryBean : Closing JPA EntityManagerFactory for persistence unit 'default'
2026-01-19 12:11:11.512  INFO 11632 --- [ionShutdownHook] com.zaxxer.hikari.HikariDataSource       : HikariPool-1 - Shutdown initiated...
2026-01-19 12:11:11.526  INFO 11632 --- [ionShutdownHook] com.zaxxer.hikari.HikariDataSource       : HikariPool-1 - Shutdown completed.
[INFO] 
[INFO] Results:
[INFO] 
[ERROR] Failures: 
[ERROR]   SystemIntegrationTest.testMarketplaceRules_FreePlan:100 JSON path "$[0].subscriptionStatus"
Expected: is "FREE"
     but: was "PAID"
[ERROR]   SystemIntegrationTest.testPublicSearchFallback:159 JSON path "$"
Expected: a collection with size a value equal to or greater than <1>
     but: collection size <0> was less than <1>
[INFO] 
[ERROR] Tests run: 4, Failures: 2, Errors: 0, Skipped: 0
[INFO] 
[INFO] ------------------------------------------------------------------------
[INFO] BUILD FAILURE
[INFO] ------------------------------------------------------------------------
[INFO] Total time:  21.284 s
[INFO] Finished at: 2026-01-19T12:11:12-04:00
[INFO] ------------------------------------------------------------------------
[ERROR] Failed to execute goal org.apache.maven.plugins:maven-surefire-plugin:2.22.2:test (default-test) on project backend: There are test failures.
[ERROR] 
[ERROR] Please refer to D:\emprendimiento\antigravity\tiendario\backend\target\surefire-reports for the individual test results.
[ERROR] Please refer to dump files (if any exist) [date].dump, [date]-jvmRun[N].dump and [date].dumpstream.
[ERROR] -> [Help 1]
[ERROR] 
[ERROR] To see the full stack trace of the errors, re-run Maven with the -e switch.
[ERROR] Re-run Maven using the -X switch to enable full debug logging.
[ERROR] 
[ERROR] For more information about the errors and possible solutions, please read the following articles:
[ERROR] [Help 1] http://cwiki.apache.org/confluence/display/MAVEN/MojoFailureException
